// Jest Snapshot v1, https://goo.gl/fbAQLP

exports[`renders correctly 1`] = `
<div
  style={
    Object {
      "display": "grid",
      "gridGap": "10px",
      "gridTemplateColumns": "200px 200px",
    }
  }
>
  <h1
    style={
      Object {
        "gridColumn": "1 / 3",
      }
    }
  >
    UK Energy Mix
  </h1>
</div>
`;
