// Jest Snapshot v1, https://goo.gl/fbAQLP

exports[`renders correctly 1`] = `
<div>
  <li
    style={
      Object {
        "backgroundColor": "#c11",
      }
    }
  >
    name1
  </li>
  <li
    style={
      Object {
        "backgroundColor": "#c22",
      }
    }
  >
    name2
  </li>
</div>
`;
